
> smdevelopers@0.1.0 build
> next build

Γû▓ Next.js 16.2.1 (Turbopack)

  Creating an optimized production build ...
node.exe : Error: 
Cannot apply unknown 
utility class 
`border-border`
At line:1 char:1
+ & "C:\Program 
Files\nodejs/node.exe" 
"C:\Program 
Files\nodejs/node_mo 
...
+ ~~~~~~~~~~~~~~~~~~~~~
~~~~~~~~~~~~~~~~~~~~~~~
~~~~~~~~~~~~~~~~~~~~~~~
~~
    + CategoryInfo     
         : 
NotSpecified: (Error   
 : Cannot 
a...`border-bo    
rder`:String) [], 
Remot    eException
    + 
FullyQualifiedErrorId  
   : NativeCommandError
 
    [2m[at 
onInvalidCandidate 
(D:\My Projects\smdevel
opers\node_modules\tail
windcss\dist\lib.js:21:
1511)][0m
    [2m[at Ee (D:\My P
rojects\smdevelopers\no
de_modules\tailwindcss\
dist\lib.js:16:37066)]
[0m
    [2m[at D:\My Proje
cts\smdevelopers\node_m
odules\tailwindcss\dist
\lib.js:21:355][0m
    [2m[at _r (D:\My P
rojects\smdevelopers\no
de_modules\tailwindcss\
dist\lib.js:3:1733)][0
m
    [2m[at I (D:\My Pr
ojects\smdevelopers\nod
e_modules\tailwindcss\d
ist\lib.js:3:1377)][0m
    [2m[at Te (D:\My P
rojects\smdevelopers\no
de_modules\tailwindcss\
dist\lib.js:21:172)][0
m
    [2m[at mn (D:\My P
rojects\smdevelopers\no
de_modules\tailwindcss\
dist\lib.js:38:294)][0
m
    [2m[at async gn 
(D:\My Projects\smdevel
opers\node_modules\tail
windcss\dist\lib.js:38:
631)][0m
    [2m[at async Xr 
(D:\My Projects\smdevel
opers\node_modules\@tai
lwindcss\node\dist\inde
x.js:10:3416)][0m
    [2m[at async N 
(D:\My Projects\smdevel
opers\node_modules\@tai
lwindcss\postcss\dist\i
ndex.js:10:3979)][0m

> Build error occurred
Error: Turbopack build 
failed with 1 errors:
./app/globals.css
Error evaluating 
Node.js code
CssSyntaxError: 
tailwindcss: D:\My Proj
ects\smdevelopers\app\g
lobals.css:1:1: Cannot 
apply unknown utility 
class `border-border`
    at Input.error (nod
e_modules/postcss/lib/i
nput.js:135:16) [D:\My 
Projects\smdevelopers\.
next\build\chunks\node_
modules_13sb.px._.js:46
51:22]
    at error (node_modu
les/postcss/lib/node.js
:146:32) [D:\My Project
s\smdevelopers\.next\bu
ild\chunks\node_modules
_13sb.px._.js:928:38]
    [at Object.Once 
(D:\My Projects\smdevel
opers\node_modules\@tai
lwindcss\postcss\dist\i
ndex.js:10:6913)]
    at async 
LazyResult.runAsync (no
de_modules/postcss/lib/
lazy-result.js:293:11) 
[D:\My Projects\smdevel
opers\.next\build\chunk
s\node_modules_13sb.px.
_.js:6214:21]
    at async transform 
(turbopack:///[turbopac
k-node]/transforms/post
css.ts:70:34) [D:\My Pr
ojects\smdevelopers\.ne
xt\build\chunks\[root-o
f-the-server]__0d-m0h0.
_.js:146:36]
    at async run (turbo
pack:///[turbopack-node
]/child_process/evaluat
e.ts:89:23) [D:\My Proj
ects\smdevelopers\.next
\build\chunks\[root-of-
the-server]__0ubbtyl._.
js:443:31]

Import trace:
  Client Component 
Browser:
    ./app/globals.css 
[Client Component 
Browser]
    ./app/layout.tsx 
[Server Component]


    at async transform 
(turbopack:///[turbopac
k-node]/transforms/post
css.ts:70:34) [D:\My Pr
ojects\smdevelopers\.ne
xt\build\chunks\[root-o
f-the-server]__0d-m0h0.
_.js:146:36])
    at async run (turbo
pack:///[turbopack-node
]/child_process/evaluat
e.ts:89:23) [D:\My Proj
ects\smdevelopers\.next
\build\chunks\[root-of-
the-server]__0ubbtyl._.
js:443:31])
